=== Starting Full Infini-gram StereoSet Extraction & Correlation ===
Timestamp: Tue Sep 29 08:26:11 PM UTC 2026
Loaded 4597 pairs across domains ['gender', 'profession', 'race', 'religion'].
Querying Infini-gram index 'v4_olmo-mix-1124_llama' with 5 workers...
Progress: 50/4597 new pairs processed (1.1%)
Progress: 100/4597 new pairs processed (2.2%)
Traceback (most recent call last):
  File "/home/oyahia/miniconda3/envs/bias_env/lib/python3.10/runpy.py", line 196, in _run_module_as_main
    return _run_code(code, main_globals, None,
  File "/home/oyahia/miniconda3/envs/bias_env/lib/python3.10/runpy.py", line 86, in _run_code
    exec(code, run_globals)
  File "/deepfreeze/oyahia/BiasEdit/bias_co_ocurrence/__main__.py", line 47, in <module>
    main()
  File "/deepfreeze/oyahia/BiasEdit/bias_co_ocurrence/__main__.py", line 33, in main
    out_file = analyze_stereoset_bias(
  File "/deepfreeze/oyahia/BiasEdit/bias_co_ocurrence/stereoset.py", line 179, in analyze_stereoset_bias
    res = f.result()
  File "/home/oyahia/miniconda3/envs/bias_env/lib/python3.10/concurrent/futures/_base.py", line 451, in result
    return self.__get_result()
  File "/home/oyahia/miniconda3/envs/bias_env/lib/python3.10/concurrent/futures/_base.py", line 403, in __get_result
    raise self._exception
  File "/home/oyahia/miniconda3/envs/bias_env/lib/python3.10/concurrent/futures/thread.py", line 58, in run
    result = self.fn(*self.args, **self.kwargs)
  File "/deepfreeze/oyahia/BiasEdit/bias_co_ocurrence/stereoset.py", line 103, in process_single_pair
    c_ws, c_wa = client.count(ws), client.count(wa)
  File "/deepfreeze/oyahia/BiasEdit/bias_co_ocurrence/client.py", line 103, in count
    res = self._post(payload)
  File "/deepfreeze/oyahia/BiasEdit/bias_co_ocurrence/client.py", line 89, in _post
    with urllib.request.urlopen(req, timeout=self.timeout) as resp:
  File "/home/oyahia/miniconda3/envs/bias_env/lib/python3.10/urllib/request.py", line 216, in urlopen
    return opener.open(url, data, timeout)
  File "/home/oyahia/miniconda3/envs/bias_env/lib/python3.10/urllib/request.py", line 525, in open
    response = meth(req, response)
  File "/home/oyahia/miniconda3/envs/bias_env/lib/python3.10/urllib/request.py", line 634, in http_response
    response = self.parent.error(
  File "/home/oyahia/miniconda3/envs/bias_env/lib/python3.10/urllib/request.py", line 563, in error
    return self._call_chain(*args)
  File "/home/oyahia/miniconda3/envs/bias_env/lib/python3.10/urllib/request.py", line 496, in _call_chain
    result = func(*args)
  File "/home/oyahia/miniconda3/envs/bias_env/lib/python3.10/urllib/request.py", line 643, in http_error_default
    raise HTTPError(req.full_url, code, msg, hdrs, fp)
urllib.error.HTTPError: HTTP Error 403: Forbidden

=== Running Correlation Against Overall Model Results ===

==============================================================================
  OLMo 2 Training Data ΔPMI vs Model Stereotype Score (SS)
  Evaluation source: /deepfreeze/oyahia/biasolate/output_april/olmo1b/overall_model_results.json
==============================================================================
Domain          | N (Smooth/Raw) | ΔPMI (Smooth) | ΔPMI (Raw) |  Model SS
------------------------------------------------------------------------------
gender          |         142/99 |        0.3894 |     0.8845 |    0.6863
------------------------------------------------------------------------------
Domain Pearson r (Dirichlet Smoothed): r = 0.0000
Domain Pearson r (Raw / Unsmoothed):  r = 0.0000
==============================================================================

Report written to outputs/cooccurrence/correlation_summary.json

=== Full StereoSet Analysis Run Complete ===
Final JSONL: outputs/cooccurrence/olmo2_stereoset_cooccurrences.jsonl
Final Summary JSON: outputs/cooccurrence/correlation_summary.json
Timestamp: Tue Sep 29 11:56:49 PM UTC 2026
=== Starting Full Infini-gram StereoSet Extraction & Correlation ===
Timestamp: Wed Sep 30 12:12:06 AM UTC 2026
Loaded 4597 pairs across domains ['gender', 'profession', 'race', 'religion'].
Querying Infini-gram index 'v4_olmo-mix-1124_llama' with 4 workers...
Resuming: found 200 already processed pairs, 4397 remaining.
Progress: 50/4397 new pairs processed (1.1%)
Progress: 100/4397 new pairs processed (2.3%)
Progress: 150/4397 new pairs processed (3.4%)
Progress: 200/4397 new pairs processed (4.5%)
Progress: 250/4397 new pairs processed (5.7%)
Progress: 300/4397 new pairs processed (6.8%)
Progress: 350/4397 new pairs processed (8.0%)
Progress: 400/4397 new pairs processed (9.1%)
Progress: 450/4397 new pairs processed (10.2%)
Progress: 500/4397 new pairs processed (11.4%)
Progress: 550/4397 new pairs processed (12.5%)
Progress: 600/4397 new pairs processed (13.6%)
Progress: 650/4397 new pairs processed (14.8%)
Progress: 700/4397 new pairs processed (15.9%)
Progress: 750/4397 new pairs processed (17.1%)
Progress: 800/4397 new pairs processed (18.2%)
Progress: 850/4397 new pairs processed (19.3%)
Progress: 900/4397 new pairs processed (20.5%)
Progress: 950/4397 new pairs processed (21.6%)
Progress: 1000/4397 new pairs processed (22.7%)
Progress: 1050/4397 new pairs processed (23.9%)
Progress: 1100/4397 new pairs processed (25.0%)
Progress: 1150/4397 new pairs processed (26.2%)
Progress: 1200/4397 new pairs processed (27.3%)
Progress: 1250/4397 new pairs processed (28.4%)
Progress: 1300/4397 new pairs processed (29.6%)
Progress: 1350/4397 new pairs processed (30.7%)
Progress: 1400/4397 new pairs processed (31.8%)
Progress: 1450/4397 new pairs processed (33.0%)
Progress: 1500/4397 new pairs processed (34.1%)
Progress: 1550/4397 new pairs processed (35.3%)
Progress: 1600/4397 new pairs processed (36.4%)
Progress: 1650/4397 new pairs processed (37.5%)
Progress: 1700/4397 new pairs processed (38.7%)
Progress: 1750/4397 new pairs processed (39.8%)
Progress: 1800/4397 new pairs processed (40.9%)
Progress: 1850/4397 new pairs processed (42.1%)
Progress: 1900/4397 new pairs processed (43.2%)
Progress: 1950/4397 new pairs processed (44.3%)
Progress: 2000/4397 new pairs processed (45.5%)
Progress: 2050/4397 new pairs processed (46.6%)
Progress: 2100/4397 new pairs processed (47.8%)
Progress: 2150/4397 new pairs processed (48.9%)
Progress: 2200/4397 new pairs processed (50.0%)
Progress: 2250/4397 new pairs processed (51.2%)
Progress: 2300/4397 new pairs processed (52.3%)
Progress: 2350/4397 new pairs processed (53.4%)
Progress: 2400/4397 new pairs processed (54.6%)
Progress: 2450/4397 new pairs processed (55.7%)
Progress: 2500/4397 new pairs processed (56.9%)
Progress: 2550/4397 new pairs processed (58.0%)
Progress: 2600/4397 new pairs processed (59.1%)
Progress: 2650/4397 new pairs processed (60.3%)
Progress: 2700/4397 new pairs processed (61.4%)
Progress: 2750/4397 new pairs processed (62.5%)
Progress: 2800/4397 new pairs processed (63.7%)
Progress: 2850/4397 new pairs processed (64.8%)
Progress: 2900/4397 new pairs processed (66.0%)
Progress: 2950/4397 new pairs processed (67.1%)
Progress: 3000/4397 new pairs processed (68.2%)
Progress: 3050/4397 new pairs processed (69.4%)
Progress: 3100/4397 new pairs processed (70.5%)
Progress: 3150/4397 new pairs processed (71.6%)
Progress: 3200/4397 new pairs processed (72.8%)
Progress: 3250/4397 new pairs processed (73.9%)
Progress: 3300/4397 new pairs processed (75.1%)
Progress: 3350/4397 new pairs processed (76.2%)
Progress: 3400/4397 new pairs processed (77.3%)
Progress: 3450/4397 new pairs processed (78.5%)
Progress: 3500/4397 new pairs processed (79.6%)
Progress: 3550/4397 new pairs processed (80.7%)
Progress: 3600/4397 new pairs processed (81.9%)
Progress: 3650/4397 new pairs processed (83.0%)
Progress: 3700/4397 new pairs processed (84.1%)
Progress: 3750/4397 new pairs processed (85.3%)
Progress: 3800/4397 new pairs processed (86.4%)
Progress: 3850/4397 new pairs processed (87.6%)
Progress: 3900/4397 new pairs processed (88.7%)
Progress: 3950/4397 new pairs processed (89.8%)
Progress: 4000/4397 new pairs processed (91.0%)
Progress: 4050/4397 new pairs processed (92.1%)
Progress: 4100/4397 new pairs processed (93.2%)
Progress: 4150/4397 new pairs processed (94.4%)
Progress: 4200/4397 new pairs processed (95.5%)
Progress: 4250/4397 new pairs processed (96.7%)
Progress: 4300/4397 new pairs processed (97.8%)
Progress: 4350/4397 new pairs processed (98.9%)
Progress: 4397/4397 new pairs processed (100.0%)
Metrics saved to outputs/cooccurrence/olmo2_stereoset_cooccurrences.jsonl

Running correlation analysis against OLMo 1B evaluations at /deepfreeze/oyahia/biasolate/output_april/olmo1b/checkpoints_results.json...

==============================================================================
  OLMo 2 Training Data ΔPMI vs Model Stereotype Score (SS)
  Evaluation source: /deepfreeze/oyahia/biasolate/output_april/olmo1b/checkpoints_results.json
==============================================================================
Domain          | N (Smooth/Raw) | ΔPMI (Smooth) | ΔPMI (Raw) |  Model SS
------------------------------------------------------------------------------
gender          |       1026/721 |        1.7462 |     1.2920 |    0.7020
profession      |        810/490 |        2.7138 |     2.2361 |    0.6457
race            |      2682/1075 |        1.8970 |     1.0772 |    0.5998
religion        |          79/51 |        2.6146 |     2.0267 |    0.6456
------------------------------------------------------------------------------
Domain Pearson r (Dirichlet Smoothed): r = -0.1964
Domain Pearson r (Raw / Unsmoothed):  r = 0.0855
==============================================================================

Report written to outputs/cooccurrence/correlation_summary.json

=== Running Correlation Against Overall Model Results ===

==============================================================================
  OLMo 2 Training Data ΔPMI vs Model Stereotype Score (SS)
  Evaluation source: /deepfreeze/oyahia/biasolate/output_april/olmo1b/overall_model_results.json
==============================================================================
Domain          | N (Smooth/Raw) | ΔPMI (Smooth) | ΔPMI (Raw) |  Model SS
------------------------------------------------------------------------------
gender          |       1026/721 |        1.7462 |     1.2920 |    0.6863
profession      |        810/490 |        2.7138 |     2.2361 |    0.6481
race            |      2682/1075 |        1.8970 |     1.0772 |    0.5904
religion        |          79/51 |        2.6146 |     2.0267 |    0.6076
------------------------------------------------------------------------------
Domain Pearson r (Dirichlet Smoothed): r = -0.2218
Domain Pearson r (Raw / Unsmoothed):  r = 0.0640
==============================================================================

=== Full StereoSet Analysis Run Complete ===
Final JSONL: outputs/cooccurrence/olmo2_stereoset_cooccurrences.jsonl
Final Summary JSON: outputs/cooccurrence/correlation_summary.json
Timestamp: Wed Sep 30 12:44:03 AM UTC 2026
